{"status": "deleted", "targets": 3, "bytes": 52372239}
{"ready": true, "round": 17, "campaign": "coordinate_r17_affinity30", "seed": 42, "retired_bytes": 52372239}
/opt/miniforge3/envs/molsteer-flowr-dtk/lib/python3.11/site-packages/MDAnalysis/topology/tables.py:52: DeprecationWarning: Deprecated in version 2.8.0
MDAnalysis.topology.tables has been moved to MDAnalysis.guesser.tables. This import point will be removed in MDAnalysis version 3.0.0
  warnings.warn(wmsg, category=DeprecationWarning)
/opt/miniforge3/envs/molsteer-flowr-dtk/lib/python3.11/site-packages/Bio/pairwise2.py:278: BiopythonDeprecationWarning: Bio.pairwise2 has been deprecated, and we intend to remove it in a future release of Biopython. As an alternative, please consider using Bio.Align.PairwiseAligner as a replacement, and contact the Biopython developers if you still need the Bio.pairwise2 module.
  warnings.warn(
Traceback (most recent call last):
  File "/root/private_data/MolSteer/EvoMolSteer/scripts/generate_affinity_endpoint_flowr.py", line 4, in <module>
    if __name__=='__main__':main()
                            ^^^^^^
  File "/root/private_data/MolSteer/EvoMolSteer/src/evomolsteer/generation/endpoint_controller.py", line 176, in main
    sys.argv=[sys.argv[0]]+remaining;controller.main(extension=EndpointCoordinateExtension())
                                     ^^^^^^^^^^^^^^^^^^^^^^^^^^^^^^^^^^^^^^^^^^^^^^^^^^^^^^^^
  File "/root/private_data/MolSteer/EvoMolSteer/src/evomolsteer/generation/controller.py", line 249, in main
    if extension is not None: extension.prepare(opt, out)
                              ^^^^^^^^^^^^^^^^^^^^^^^^^^^
  File "/root/private_data/MolSteer/EvoMolSteer/src/evomolsteer/generation/window_controller.py", line 56, in prepare
    raise ValueError('Learning reference does not cover every controlled state')
ValueError: Learning reference does not cover every controlled state
